// Jest Snapshot v1, https://goo.gl/fbAQLP

exports[`Render Test case: expect rendering correct 1`] = `
<div>
  <div
    class="header"
  >
    <label
      class="priceLabel"
      for="price"
    >
      Price:
    </label>
    <input
      data-testid="test"
      id="price"
      name="priceInput"
      type="text"
    />
    <button
      class="headerBtn"
      data-testid="choose"
    >
      Price Choose
    </button>
    <button
      class="headerBtn"
      data-testid="reset"
    >
      Reset
    </button>
  </div>
</div>
`;
