// Jest Snapshot v1, https://goo.gl/fbAQLP

exports[`Render Test case: expect rendering correct 1`] = `
<div>
  <div>
    <div
      class="header"
    >
      <div
        class="header"
      >
        <label
          class="priceLabel"
          for="price"
        >
          Price:
        </label>
        <input
          data-testid="test"
          id="price"
          name="priceInput"
          type="text"
        />
        <button
          class="headerBtn"
          data-testid="choose"
        >
          Price Choose
        </button>
        <button
          class="headerBtn"
          data-testid="reset"
        >
          Reset
        </button>
      </div>
    </div>
    <div
      class="homePage"
    >
      <div
        class="resultsArea"
      >
        <div
          class="title"
        >
          Results
        </div>
        <div
          class="block"
        />
      </div>
      <div
        class="savedPropertiesArea"
      >
        <div
          class="title"
        >
          Saved Properties
        </div>
        <div
          class="block"
        />
      </div>
    </div>
  </div>
</div>
`;
