// Jest Snapshot v1, https://goo.gl/fbAQLP

exports[`Render Test case: expect rendering correct 1`] = `
<div>
  <div
    class="home-page"
  >
    <div
      class="results-area"
    >
      <div
        class="title"
      >
        'Results'
      </div>
      <div
        class="block"
      />
    </div>
    <div
      class="saved-properties-area"
    >
      <div
        class="title"
      >
        'Saved Properties'
      </div>
      <div
        class="block"
      />
    </div>
  </div>
</div>
`;
