// Jest Snapshot v1, https://goo.gl/fbAQLP

exports[`Route Test Route Test 1`] = `
<div>
  <div
    className="App"
  >
    <div
      className="homePage"
    >
      <div
        className="resultsArea"
      >
        <div
          className="title"
        >
          Results
        </div>
        <div
          className="block"
        />
      </div>
      <div
        className="savedPropertiesArea"
      >
        <div
          className="title"
        >
          Saved Properties
        </div>
        <div
          className="block"
        />
      </div>
    </div>
  </div>
</div>
`;
