// Jest Snapshot v1, https://goo.gl/fbAQLP

exports[`Route Test Route Test 1`] = `
<div>
  <div
    className="App"
  >
    <div>
      <div
        className="header"
      >
        <div
          className="header"
        >
          <label
            className="priceLabel"
            htmlFor="price"
          >
            Price:
          </label>
          <input
            data-testid="test"
            id="price"
            name="priceInput"
            onChange={[Function]}
            type="text"
          />
          <button
            className="headerBtn"
            data-testid="choose"
            onClick={[Function]}
          >
            Price Choose
          </button>
          <button
            className="headerBtn"
            data-testid="reset"
            onClick={[Function]}
          >
            Reset
          </button>
        </div>
      </div>
      <div
        className="homePage"
      >
        <div
          className="resultsArea"
        >
          <div
            className="title"
          >
            Results
          </div>
          <div
            className="block"
          />
        </div>
        <div
          className="savedPropertiesArea"
        >
          <div
            className="title"
          >
            Saved Properties
          </div>
          <div
            className="block"
          />
        </div>
      </div>
    </div>
  </div>
</div>
`;
